00:25:55.080 INFO  [background-preinit]org.hibernate.validator.internal.util.Version - HV000001: Hibernate Validator 8.0.3.Final
00:25:55.117 INFO  [main]com.example.quiz_1140818.Quiz1140818Application - Starting Quiz1140818Application using Java 24.0.2 with PID 30156 (C:\Users\User\Project\Java\quiz_1140818\bin\main started by User in C:\Users\User\Project\Java\quiz_1140818)
00:25:55.117 INFO  [main]com.example.quiz_1140818.Quiz1140818Application - No active profile set, falling back to 1 default profile: "default"
00:25:55.668 INFO  [main]o.s.d.r.config.RepositoryConfigurationDelegate - Bootstrapping Spring Data JPA repositories in DEFAULT mode.
00:25:55.733 INFO  [main]o.s.d.r.config.RepositoryConfigurationDelegate - Finished Spring Data repository scanning in 53 ms. Found 4 JPA repository interfaces.
00:25:56.169 INFO  [main]o.s.boot.web.embedded.tomcat.TomcatWebServer - Tomcat initialized with port 8080 (http)
00:25:56.184 INFO  [main]org.apache.coyote.http11.Http11NioProtocol - Initializing ProtocolHandler ["http-nio-8080"]
00:25:56.186 INFO  [main]org.apache.catalina.core.StandardService - Starting service [Tomcat]
00:25:56.187 INFO  [main]org.apache.catalina.core.StandardEngine - Starting Servlet engine: [Apache Tomcat/10.1.48]
00:25:56.272 INFO  [main]o.a.c.core.ContainerBase.[Tomcat].[localhost].[/] - Initializing Spring embedded WebApplicationContext
00:25:56.273 INFO  [main]o.s.b.w.s.c.ServletWebServerApplicationContext - Root WebApplicationContext: initialization completed in 1123 ms
00:25:56.439 INFO  [main]com.zaxxer.hikari.HikariDataSource - HikariPool-1 - Starting...
00:25:56.582 INFO  [main]com.zaxxer.hikari.pool.HikariPool - HikariPool-1 - Added connection com.mysql.cj.jdbc.ConnectionImpl@1f71194d
00:25:56.584 INFO  [main]com.zaxxer.hikari.HikariDataSource - HikariPool-1 - Start completed.
00:25:56.611 INFO  [main]org.hibernate.jpa.internal.util.LogHelper - HHH000204: Processing PersistenceUnitInfo [name: default]
00:25:56.652 INFO  [main]org.hibernate.Version - HHH000412: Hibernate ORM core version 6.6.33.Final
00:25:56.683 INFO  [main]o.hibernate.cache.internal.RegionFactoryInitiator - HHH000026: Second-level cache disabled
00:25:56.925 INFO  [main]o.s.o.j.persistenceunit.SpringPersistenceUnitInfo - No LoadTimeWeaver setup: ignoring JPA class transformer
00:25:56.997 INFO  [main]org.hibernate.orm.connections.pooling - HHH10001005: Database info:
	Database JDBC URL [Connecting through datasource 'HikariDataSource (HikariPool-1)']
	Database driver: undefined/unknown
	Database version: 8.0.44
	Autocommit mode: undefined/unknown
	Isolation level: undefined/unknown
	Minimum pool size: undefined/unknown
	Maximum pool size: undefined/unknown
00:25:57.210 WARN  [main]org.hibernate.mapping.RootClass - HHH000038: Composite-id class does not override equals(): com.example.quiz_1140818.entity.FillinId
00:25:57.210 WARN  [main]org.hibernate.mapping.RootClass - HHH000039: Composite-id class does not override hashCode(): com.example.quiz_1140818.entity.FillinId
00:25:57.211 WARN  [main]org.hibernate.mapping.RootClass - HHH000038: Composite-id class does not override equals(): com.example.quiz_1140818.entity.QuestionId
00:25:57.211 WARN  [main]org.hibernate.mapping.RootClass - HHH000039: Composite-id class does not override hashCode(): com.example.quiz_1140818.entity.QuestionId
00:25:57.598 INFO  [main]o.h.e.t.jta.platform.internal.JtaPlatformInitiator - HHH000489: No JTA platform available (set 'hibernate.transaction.jta.platform' to enable JTA platform integration)
00:25:57.600 INFO  [main]o.s.orm.jpa.LocalContainerEntityManagerFactoryBean - Initialized JPA EntityManagerFactory for persistence unit 'default'
00:25:57.822 INFO  [main]o.s.data.jpa.repository.query.QueryEnhancerFactory - Hibernate is in classpath; If applicable, HQL parser will be used.
00:25:58.040 WARN  [main]o.s.b.a.o.j.JpaBaseConfiguration$JpaWebConfiguration - spring.jpa.open-in-view is enabled by default. Therefore, database queries may be performed during view rendering. Explicitly configure spring.jpa.open-in-view to disable this warning
00:25:58.372 INFO  [main]org.apache.coyote.http11.Http11NioProtocol - Starting ProtocolHandler ["http-nio-8080"]
00:25:58.385 INFO  [main]o.s.boot.web.embedded.tomcat.TomcatWebServer - Tomcat started on port 8080 (http) with context path '/'
00:25:58.391 INFO  [main]com.example.quiz_1140818.Quiz1140818Application - Started Quiz1140818Application in 3.714 seconds (process running for 3.972)
00:26:02.090 INFO  [http-nio-8080-exec-1]o.a.c.core.ContainerBase.[Tomcat].[localhost].[/] - Initializing Spring DispatcherServlet 'dispatcherServlet'
00:26:02.090 INFO  [http-nio-8080-exec-1]org.springframework.web.servlet.DispatcherServlet - Initializing Servlet 'dispatcherServlet'
00:26:02.091 INFO  [http-nio-8080-exec-1]org.springframework.web.servlet.DispatcherServlet - Completed initialization in 1 ms
00:29:05.788 WARN  [http-nio-8080-exec-4]o.a.catalina.webresources.AbstractFileResourceSet - Resource for web application [] at path [/fquiz/feedback{quizId}.] was not loaded as the canonical path [/fquiz/feedback{quizId}] did not match. Use of symlinks is one possible cause.
00:29:21.829 WARN  [http-nio-8080-exec-3]o.a.catalina.webresources.AbstractFileResourceSet - Resource for web application [] at path [/feedback/3.] was not loaded as the canonical path [/feedback/3] did not match. Use of symlinks is one possible cause.
14:41:12.860 INFO  [background-preinit]org.hibernate.validator.internal.util.Version - HV000001: Hibernate Validator 8.0.3.Final
14:41:12.928 INFO  [main]com.example.quiz_1140818.Quiz1140818Application - Starting Quiz1140818Application using Java 24.0.2 with PID 15844 (C:\Users\User\Project\Java\quiz_1140818\bin\main started by User in C:\Users\User\Project\Java\quiz_1140818)
14:41:12.929 INFO  [main]com.example.quiz_1140818.Quiz1140818Application - No active profile set, falling back to 1 default profile: "default"
14:41:14.145 INFO  [main]o.s.d.r.config.RepositoryConfigurationDelegate - Bootstrapping Spring Data JPA repositories in DEFAULT mode.
14:41:14.251 INFO  [main]o.s.d.r.config.RepositoryConfigurationDelegate - Finished Spring Data repository scanning in 92 ms. Found 4 JPA repository interfaces.
14:41:15.081 INFO  [main]o.s.boot.web.embedded.tomcat.TomcatWebServer - Tomcat initialized with port 8080 (http)
14:41:15.109 INFO  [main]org.apache.coyote.http11.Http11NioProtocol - Initializing ProtocolHandler ["http-nio-8080"]
14:41:15.112 INFO  [main]org.apache.catalina.core.StandardService - Starting service [Tomcat]
14:41:15.113 INFO  [main]org.apache.catalina.core.StandardEngine - Starting Servlet engine: [Apache Tomcat/10.1.48]
14:41:15.225 INFO  [main]o.a.c.core.ContainerBase.[Tomcat].[localhost].[/] - Initializing Spring embedded WebApplicationContext
14:41:15.226 INFO  [main]o.s.b.w.s.c.ServletWebServerApplicationContext - Root WebApplicationContext: initialization completed in 2219 ms
14:41:15.445 INFO  [main]com.zaxxer.hikari.HikariDataSource - HikariPool-1 - Starting...
14:41:15.723 INFO  [main]com.zaxxer.hikari.pool.HikariPool - HikariPool-1 - Added connection com.mysql.cj.jdbc.ConnectionImpl@f613067
14:41:15.726 INFO  [main]com.zaxxer.hikari.HikariDataSource - HikariPool-1 - Start completed.
14:41:15.786 INFO  [main]org.hibernate.jpa.internal.util.LogHelper - HHH000204: Processing PersistenceUnitInfo [name: default]
14:41:15.891 INFO  [main]org.hibernate.Version - HHH000412: Hibernate ORM core version 6.6.33.Final
14:41:15.952 INFO  [main]o.hibernate.cache.internal.RegionFactoryInitiator - HHH000026: Second-level cache disabled
14:41:16.390 INFO  [main]o.s.o.j.persistenceunit.SpringPersistenceUnitInfo - No LoadTimeWeaver setup: ignoring JPA class transformer
14:41:16.511 INFO  [main]org.hibernate.orm.connections.pooling - HHH10001005: Database info:
	Database JDBC URL [Connecting through datasource 'HikariDataSource (HikariPool-1)']
	Database driver: undefined/unknown
	Database version: 8.0.44
	Autocommit mode: undefined/unknown
	Isolation level: undefined/unknown
	Minimum pool size: undefined/unknown
	Maximum pool size: undefined/unknown
14:41:16.901 WARN  [main]org.hibernate.mapping.RootClass - HHH000038: Composite-id class does not override equals(): com.example.quiz_1140818.entity.FillinId
14:41:16.901 WARN  [main]org.hibernate.mapping.RootClass - HHH000039: Composite-id class does not override hashCode(): com.example.quiz_1140818.entity.FillinId
14:41:16.901 WARN  [main]org.hibernate.mapping.RootClass - HHH000038: Composite-id class does not override equals(): com.example.quiz_1140818.entity.QuestionId
14:41:16.901 WARN  [main]org.hibernate.mapping.RootClass - HHH000039: Composite-id class does not override hashCode(): com.example.quiz_1140818.entity.QuestionId
14:41:17.539 INFO  [main]o.h.e.t.jta.platform.internal.JtaPlatformInitiator - HHH000489: No JTA platform available (set 'hibernate.transaction.jta.platform' to enable JTA platform integration)
14:41:17.544 INFO  [main]o.s.orm.jpa.LocalContainerEntityManagerFactoryBean - Initialized JPA EntityManagerFactory for persistence unit 'default'
14:41:17.909 INFO  [main]o.s.data.jpa.repository.query.QueryEnhancerFactory - Hibernate is in classpath; If applicable, HQL parser will be used.
14:41:18.200 WARN  [main]o.s.b.a.o.j.JpaBaseConfiguration$JpaWebConfiguration - spring.jpa.open-in-view is enabled by default. Therefore, database queries may be performed during view rendering. Explicitly configure spring.jpa.open-in-view to disable this warning
14:41:18.762 INFO  [main]org.apache.coyote.http11.Http11NioProtocol - Starting ProtocolHandler ["http-nio-8080"]
14:41:18.795 INFO  [main]o.s.boot.web.embedded.tomcat.TomcatWebServer - Tomcat started on port 8080 (http) with context path '/'
14:41:18.806 INFO  [main]com.example.quiz_1140818.Quiz1140818Application - Started Quiz1140818Application in 6.656 seconds (process running for 7.417)
14:41:22.372 INFO  [http-nio-8080-exec-1]o.a.c.core.ContainerBase.[Tomcat].[localhost].[/] - Initializing Spring DispatcherServlet 'dispatcherServlet'
14:41:22.373 INFO  [http-nio-8080-exec-1]org.springframework.web.servlet.DispatcherServlet - Initializing Servlet 'dispatcherServlet'
14:41:22.373 INFO  [http-nio-8080-exec-1]org.springframework.web.servlet.DispatcherServlet - Completed initialization in 0 ms
